87654321|152|01062023|00|0|0.00|0.00|0.00|0|0|0.00|0.00|0.00|0.00|0.00|0.00|0.00|N
87654321|152|01062023|01|0|0.00|0.00|0.00|0|0|0.00|0.00|0.00|0.00|0.00|0.00|0.00|N
87654321|152|01062023|02|0|0.00|0.00|0.00|0|0|0.00|0.00|0.00|0.00|0.00|0.00|0.00|N
87654321|152|01062023|03|0|0.00|0.00|0.00|0|0|0.00|0.00|0.00|0.00|0.00|0.00|0.00|N
87654321|152|01062023|04|0|0.00|0.00|0.00|0|0|0.00|0.00|0.00|0.00|0.00|0.00|0.00|N
87654321|152|01062023|05|0|0.00|0.00|0.00|0|0|0.00|0.00|0.00|0.00|0.00|0.00|0.00|N
87654321|152|01062023|06|0|0.00|0.00|0.00|0|0|0.00|0.00|0.00|0.00|0.00|0.00|0.00|N
87654321|152|01062023|07|0|0.00|0.00|0.00|0|0|0.00|0.00|0.00|0.00|0.00|0.00|0.00|N
87654321|152|01062023|08|0|0.00|0.00|0.00|0|0|0.00|0.00|0.00|0.00|0.00|0.00|0.00|N
87654321|152|01062023|09|0|0.00|0.00|0.00|0|0|0.00|0.00|0.00|0.00|0.00|0.00|0.00|N
87654321|152|01062023|10|0|0.00|0.00|0.00|0|0|0.00|0.00|0.00|0.00|0.00|0.00|0.00|N
87654321|152|01062023|11|0|0.00|0.00|0.00|0|0|0.00|0.00|0.00|0.00|0.00|0.00|0.00|N
87654321|152|01062023|12|0|0.00|0.00|0.00|0|0|0.00|0.00|0.00|0.00|0.00|0.00|0.00|N
87654321|152|01062023|13|0|0.00|0.00|0.00|0|0|0.00|0.00|0.00|0.00|0.00|0.00|0.00|N
87654321|152|01062023|14|0|0.00|0.00|0.00|0|0|0.00|0.00|0.00|0.00|0.00|0.00|0.00|N
87654321|152|01062023|15|0|0.00|0.00|0.00|0|0|0.00|0.00|0.00|0.00|0.00|0.00|0.00|N
87654321|152|01062023|16|0|0.00|0.00|0.00|0|0|0.00|0.00|0.00|0.00|0.00|0.00|0.00|N
87654321|152|01062023|17|0|0.00|0.00|0.00|0|0|0.00|0.00|0.00|0.00|0.00|0.00|0.00|N
87654321|152|01062023|18|0|0.00|0.00|0.00|0|0|0.00|0.00|0.00|0.00|0.00|0.00|0.00|N
87654321|152|01062023|19|0|0.00|0.00|0.00|0|0|0.00|0.00|0.00|0.00|0.00|0.00|0.00|N
87654321|152|01062023|20|0|0.00|0.00|0.00|0|0|0.00|0.00|0.00|0.00|0.00|0.00|0.00|N
87654321|152|01062023|21|0|0.00|0.00|0.00|0|0|0.00|0.00|0.00|0.00|0.00|0.00|0.00|N
87654321|152|01062023|22|0|0.00|0.00|0.00|0|0|0.00|0.00|0.00|0.00|0.00|0.00|0.00|N
87654321|152|01062023|23|0|0.00|0.00|0.00|0|0|0.00|0.00|0.00|0.00|0.00|0.00|0.00|N
