87654321|312|09112023|00|0|0.00|0.00|0.00|0|0|0.00|0.00|0.00|0.00|0.00|0.00|0.00|N
87654321|312|09112023|01|0|0.00|0.00|0.00|0|0|0.00|0.00|0.00|0.00|0.00|0.00|0.00|N
87654321|312|09112023|02|0|0.00|0.00|0.00|0|0|0.00|0.00|0.00|0.00|0.00|0.00|0.00|N
87654321|312|09112023|03|0|0.00|0.00|0.00|0|0|0.00|0.00|0.00|0.00|0.00|0.00|0.00|N
87654321|312|09112023|04|0|0.00|0.00|0.00|0|0|0.00|0.00|0.00|0.00|0.00|0.00|0.00|N
87654321|312|09112023|05|0|0.00|0.00|0.00|0|0|0.00|0.00|0.00|0.00|0.00|0.00|0.00|N
87654321|312|09112023|06|0|0.00|0.00|0.00|0|0|0.00|0.00|0.00|0.00|0.00|0.00|0.00|N
87654321|312|09112023|07|0|0.00|0.00|0.00|0|0|0.00|0.00|0.00|0.00|0.00|0.00|0.00|N
87654321|312|09112023|08|0|0.00|0.00|0.00|0|0|0.00|0.00|0.00|0.00|0.00|0.00|0.00|N
87654321|312|09112023|09|0|0.00|0.00|0.00|0|0|0.00|0.00|0.00|0.00|0.00|0.00|0.00|N
87654321|312|09112023|10|0|0.00|0.00|0.00|0|0|0.00|0.00|0.00|0.00|0.00|0.00|0.00|N
87654321|312|09112023|11|1|80.00|0.00|20.00|0|0|50.00|0.00|30.00|0.00|0.00|0.00|0.00|N
87654321|312|09112023|12|0|0.00|0.00|0.00|0|0|0.00|0.00|0.00|0.00|0.00|0.00|0.00|N
87654321|312|09112023|13|0|0.00|0.00|0.00|0|0|0.00|0.00|0.00|0.00|0.00|0.00|0.00|N
87654321|312|09112023|14|0|0.00|0.00|0.00|0|0|0.00|0.00|0.00|0.00|0.00|0.00|0.00|N
87654321|312|09112023|15|0|0.00|0.00|0.00|0|0|0.00|0.00|0.00|0.00|0.00|0.00|0.00|N
87654321|312|09112023|16|0|0.00|0.00|0.00|0|0|0.00|0.00|0.00|0.00|0.00|0.00|0.00|N
87654321|312|09112023|17|0|0.00|0.00|0.00|0|0|0.00|0.00|0.00|0.00|0.00|0.00|0.00|N
87654321|312|09112023|18|1|19.80|0.00|0.00|0|0|50.00|0.00|30.00|0.00|0.00|10.00|9.80|N
87654321|312|09112023|19|0|0.00|0.00|0.00|0|0|0.00|0.00|0.00|0.00|0.00|0.00|0.00|N
87654321|312|09112023|20|0|0.00|0.00|0.00|0|0|0.00|0.00|0.00|0.00|0.00|0.00|0.00|N
87654321|312|09112023|21|0|0.00|0.00|0.00|0|0|0.00|0.00|0.00|0.00|0.00|0.00|0.00|N
87654321|312|09112023|22|0|0.00|0.00|0.00|0|0|0.00|0.00|0.00|0.00|0.00|0.00|0.00|N
87654321|312|09112023|23|0|0.00|0.00|0.00|0|0|0.00|0.00|0.00|0.00|0.00|0.00|0.00|N
