39193343|304|31102023|00|0|0.00|0.00|0.00|0|0|0.00|0.00|0.00|0.00|0.00|0.00|0.00|Y
39193343|304|31102023|01|0|0.00|0.00|0.00|0|0|0.00|0.00|0.00|0.00|0.00|0.00|0.00|Y
39193343|304|31102023|02|0|0.00|0.00|0.00|0|0|0.00|0.00|0.00|0.00|0.00|0.00|0.00|Y
39193343|304|31102023|03|0|0.00|0.00|0.00|0|0|0.00|0.00|0.00|0.00|0.00|0.00|0.00|Y
39193343|304|31102023|04|0|0.00|0.00|0.00|0|0|0.00|0.00|0.00|0.00|0.00|0.00|0.00|Y
39193343|304|31102023|05|0|0.00|0.00|0.00|0|0|0.00|0.00|0.00|0.00|0.00|0.00|0.00|Y
39193343|304|31102023|06|0|0.00|0.00|0.00|0|0|0.00|0.00|0.00|0.00|0.00|0.00|0.00|Y
39193343|304|31102023|07|0|0.00|0.00|0.00|0|0|0.00|0.00|0.00|0.00|0.00|0.00|0.00|Y
39193343|304|31102023|08|0|0.00|0.00|0.00|0|0|0.00|0.00|0.00|0.00|0.00|0.00|0.00|Y
39193343|304|31102023|09|0|0.00|0.00|0.00|0|0|0.00|0.00|0.00|0.00|0.00|0.00|0.00|Y
39193343|304|31102023|10|0|0.00|0.00|0.00|0|0|0.00|0.00|0.00|0.00|0.00|0.00|0.00|Y
39193343|304|31102023|11|2|160.00|0.00|40.00|0|0|100.00|0.00|60.00|0.00|0.00|0.00|0.00|Y
39193343|304|31102023|12|1|130.00|0.00|10.00|0|0|80.00|10.00|40.00|0.00|0.00|0.00|0.00|Y
39193343|304|31102023|13|0|0.00|0.00|0.00|0|0|0.00|0.00|0.00|0.00|0.00|0.00|0.00|Y
39193343|304|31102023|14|1|165.00|0.00|25.00|0|0|100.00|15.00|50.00|0.00|0.00|0.00|0.00|Y
39193343|304|31102023|15|0|0.00|0.00|0.00|0|0|0.00|0.00|0.00|0.00|0.00|0.00|0.00|Y
39193343|304|31102023|16|1|110.00|0.00|15.00|0|0|60.00|5.00|30.00|0.00|0.00|10.00|5.00|Y
39193343|304|31102023|17|0|0.00|0.00|0.00|0|0|0.00|0.00|0.00|0.00|0.00|0.00|0.00|Y
39193343|304|31102023|18|0|0.00|0.00|0.00|0|0|0.00|0.00|0.00|0.00|0.00|0.00|0.00|Y
39193343|304|31102023|19|0|0.00|0.00|0.00|0|0|0.00|0.00|0.00|0.00|0.00|0.00|0.00|Y
39193343|304|31102023|20|0|0.00|0.00|0.00|0|0|0.00|0.00|0.00|0.00|0.00|0.00|0.00|Y
39193343|304|31102023|21|0|0.00|0.00|0.00|0|0|0.00|0.00|0.00|0.00|0.00|0.00|0.00|Y
39193343|304|31102023|22|0|0.00|0.00|0.00|0|0|0.00|0.00|0.00|0.00|0.00|0.00|0.00|Y
39193343|304|31102023|23|0|0.00|0.00|0.00|0|0|0.00|0.00|0.00|0.00|0.00|0.00|0.00|Y
